
> frontend@0.1.0 build
> next build

  ▲ Next.js 14.2.35

   Creating an optimized production build ...
 ✓ Compiled successfully
   Linting and checking validity of types ...
   Collecting page data ...
PageNotFoundError: Cannot find module for page: /equipment
    at getPagePath (C:\Users\HP\it-support\frontend\node_modules\next\dist\server\require.js:94:15)
    at requirePage (C:\Users\HP\it-support\frontend\node_modules\next\dist\server\require.js:99:22)
    at C:\Users\HP\it-support\frontend\node_modules\next\dist\server\load-components.js:103:84
    at process.processTicksAndRejections (node:internal/process/task_queues:104:5)
    at async loadComponentsImpl (C:\Users\HP\it-support\frontend\node_modules\next\dist\server\load-components.js:103:26)
    at async C:\Users\HP\it-support\frontend\node_modules\next\dist\build\utils.js:1116:32
    at async Span.traceAsyncFn (C:\Users\HP\it-support\frontend\node_modules\next\dist\trace\trace.js:154:20) {
  code: 'ENOENT'
}
PageNotFoundError: Cannot find module for page: /knowledge-base/[id]
    at getPagePath (C:\Users\HP\it-support\frontend\node_modules\next\dist\server\require.js:94:15)
    at requirePage (C:\Users\HP\it-support\frontend\node_modules\next\dist\server\require.js:99:22)
    at C:\Users\HP\it-support\frontend\node_modules\next\dist\server\load-components.js:103:84
    at process.processTicksAndRejections (node:internal/process/task_queues:104:5)
    at async loadComponentsImpl (C:\Users\HP\it-support\frontend\node_modules\next\dist\server\load-components.js:103:26)
    at async C:\Users\HP\it-support\frontend\node_modules\next\dist\build\utils.js:1116:32
    at async Span.traceAsyncFn (C:\Users\HP\it-support\frontend\node_modules\next\dist\trace\trace.js:154:20) {
  code: 'ENOENT'
}

> Build error occurred
Error: Failed to collect page data for /equipment
    at C:\Users\HP\it-support\frontend\node_modules\next\dist\build\utils.js:1269:15
    at process.processTicksAndRejections (node:internal/process/task_queues:104:5) {
  type: 'Error'
}
EXIT:1
