
> frontend@0.1.0 dev
> next dev

  ▲ Next.js 14.2.35
  - Local:        http://localhost:3000

 ✓ Starting...
 ✓ Ready in 23.1s
 ○ Compiling / ...
 ✓ Compiled / in 53s (901 modules)
 ✓ Compiled in 636ms (394 modules)
 GET / 200 in 113ms
 GET / 200 in 62ms
 ○ Compiling /login ...
 ✓ Compiled /login in 678ms (521 modules)
 ✓ Compiled in 3.3s (508 modules)
 GET /favicon.ico 200 in 4445ms
 GET /login 200 in 139ms
 GET /login 200 in 66ms
 GET /favicon.ico 200 in 41ms
 GET /login 200 in 45ms
 ○ Compiling /_not-found ...
 ✓ Compiled /_not-found in 5.3s (1102 modules)
 GET /_next/static/css/app/layout.css?v=1786618003164 404 in 5725ms
 GET /_next/static/chunks/webpack.js?v=1786618003164 404 in 5803ms
 GET /_next/static/chunks/main-app.js?v=1786618003164 404 in 146ms
 GET /_next/static/chunks/app-pages-internals.js 404 in 50ms
 GET /_next/static/chunks/app/layout.js 404 in 49ms
 GET /_next/static/chunks/app/login/page.js 404 in 50ms
 ✓ Compiled /favicon.ico in 100ms (638 modules)
 GET /favicon.ico 500 in 1086ms
 ○ Compiling /_error ...
 ✓ Compiled /_error in 10.9s (1360 modules)
 GET /login 500 in 12093ms
 GET /favicon.ico 500 in 11ms
 GET /login 200 in 194ms
 GET /_next/static/css/app/layout.css?v=1786618135170 404 in 27ms
 GET /_next/static/chunks/main-app.js?v=1786618135170 404 in 36ms
 GET /_next/static/chunks/app-pages-internals.js 404 in 34ms
 GET /_next/static/chunks/app/login/page.js 404 in 34ms
 GET /_next/static/chunks/app/layout.js 404 in 34ms
 GET /favicon.ico 500 in 10ms
