 ⨯ Error: Cannot find module './8948.js'
Require stack:
- C:\Users\HP\it-support\frontend\.next\server\webpack-runtime.js
- C:\Users\HP\it-support\frontend\.next\server\app\favicon.ico\route.js
- C:\Users\HP\it-support\frontend\node_modules\next\dist\server\require.js
- C:\Users\HP\it-support\frontend\node_modules\next\dist\server\load-components.js
- C:\Users\HP\it-support\frontend\node_modules\next\dist\build\utils.js
- C:\Users\HP\it-support\frontend\node_modules\next\dist\server\dev\hot-middleware.js
- C:\Users\HP\it-support\frontend\node_modules\next\dist\server\dev\hot-reloader-webpack.js
- C:\Users\HP\it-support\frontend\node_modules\next\dist\server\lib\router-utils\setup-dev-bundler.js
- C:\Users\HP\it-support\frontend\node_modules\next\dist\server\lib\router-server.js
- C:\Users\HP\it-support\frontend\node_modules\next\dist\server\lib\start-server.js
    at Module.<anonymous> (node:internal/modules/cjs/loader:1517:15)
    at C:\Users\HP\it-support\frontend\node_modules\next\dist\server\require-hook.js:55:36
    at wrapResolveFilename (node:internal/modules/cjs/loader:1071:27)
    at defaultResolveImplForCJSLoading (node:internal/modules/cjs/loader:1095:10)
    at resolveForCJSWithHooks (node:internal/modules/cjs/loader:1122:12)
    at Module._load (node:internal/modules/cjs/loader:1294:5)
    at wrapModuleLoad (node:internal/modules/cjs/loader:255:19)
    at Module.<anonymous> (node:internal/modules/cjs/loader:1617:12)
    at mod.require (C:\Users\HP\it-support\frontend\node_modules\next\dist\server\require-hook.js:65:28)
    at require (node:internal/modules/helpers:153:16)
    at __webpack_require__.f.require (C:\Users\HP\it-support\frontend\.next\server\webpack-runtime.js:203:28)
    at C:\Users\HP\it-support\frontend\.next\server\webpack-runtime.js:116:40
    at Array.reduce (<anonymous>)
    at __webpack_require__.e (C:\Users\HP\it-support\frontend\.next\server\webpack-runtime.js:115:67)
    at Array.map (<anonymous>)
    at __webpack_require__.X (C:\Users\HP\it-support\frontend\.next\server\webpack-runtime.js:167:22)
    at C:\Users\HP\it-support\frontend\.next\server\app\favicon.ico\route.js:12:16110
    at Object.<anonymous> (C:\Users\HP\it-support\frontend\.next\server\app\favicon.ico\route.js:12:16153)
    at Module._compile (node:internal/modules/cjs/loader:1871:14)
    at Object..js (node:internal/modules/cjs/loader:2002:10)
    at Module.load (node:internal/modules/cjs/loader:1594:32)
    at Module._load (node:internal/modules/cjs/loader:1396:12)
    at wrapModuleLoad (node:internal/modules/cjs/loader:255:19)
    at Module.<anonymous> (node:internal/modules/cjs/loader:1617:12)
    at mod.require (C:\Users\HP\it-support\frontend\node_modules\next\dist\server\require-hook.js:65:28)
    at require (node:internal/modules/helpers:153:16)
    at requirePage (C:\Users\HP\it-support\frontend\node_modules\next\dist\server\require.js:109:84)
    at C:\Users\HP\it-support\frontend\node_modules\next\dist\server\load-components.js:103:84
    at async loadComponentsImpl (C:\Users\HP\it-support\frontend\node_modules\next\dist\server\load-components.js:103:26)
    at async DevServer.findPageComponentsImpl (C:\Users\HP\it-support\frontend\node_modules\next\dist\server\next-server.js:714:36)
    at async DevServer.findPageComponents (C:\Users\HP\it-support\frontend\node_modules\next\dist\server\dev\next-dev-server.js:577:20)
    at async DevServer.renderPageComponent (C:\Users\HP\it-support\frontend\node_modules\next\dist\server\base-server.js:1910:24)
    at async DevServer.renderToResponseImpl (C:\Users\HP\it-support\frontend\node_modules\next\dist\server\base-server.js:1962:32)
    at async DevServer.pipeImpl (C:\Users\HP\it-support\frontend\node_modules\next\dist\server\base-server.js:922:25)
    at async NextNodeServer.handleCatchallRenderRequest (C:\Users\HP\it-support\frontend\node_modules\next\dist\server\next-server.js:272:17)
    at async DevServer.handleRequestImpl (C:\Users\HP\it-support\frontend\node_modules\next\dist\server\base-server.js:818:17)
    at async C:\Users\HP\it-support\frontend\node_modules\next\dist\server\dev\next-dev-server.js:339:20
    at async Span.traceAsyncFn (C:\Users\HP\it-support\frontend\node_modules\next\dist\trace\trace.js:154:20)
    at async DevServer.handleRequest (C:\Users\HP\it-support\frontend\node_modules\next\dist\server\dev\next-dev-server.js:336:24)
    at async invokeRender (C:\Users\HP\it-support\frontend\node_modules\next\dist\server\lib\router-server.js:179:21)
    at async handleRequest (C:\Users\HP\it-support\frontend\node_modules\next\dist\server\lib\router-server.js:359:24)
    at async requestHandlerImpl (C:\Users\HP\it-support\frontend\node_modules\next\dist\server\lib\router-server.js:383:13)
    at async Server.requestListener (C:\Users\HP\it-support\frontend\node_modules\next\dist\server\lib\start-server.js:141:13) {
  code: 'MODULE_NOT_FOUND',
  requireStack: [
    'C:\\Users\\HP\\it-support\\frontend\\.next\\server\\webpack-runtime.js',
    'C:\\Users\\HP\\it-support\\frontend\\.next\\server\\app\\favicon.ico\\route.js',
    'C:\\Users\\HP\\it-support\\frontend\\node_modules\\next\\dist\\server\\require.js',
    'C:\\Users\\HP\\it-support\\frontend\\node_modules\\next\\dist\\server\\load-components.js',
    'C:\\Users\\HP\\it-support\\frontend\\node_modules\\next\\dist\\build\\utils.js',
    'C:\\Users\\HP\\it-support\\frontend\\node_modules\\next\\dist\\server\\dev\\hot-middleware.js',
    'C:\\Users\\HP\\it-support\\frontend\\node_modules\\next\\dist\\server\\dev\\hot-reloader-webpack.js',
    'C:\\Users\\HP\\it-support\\frontend\\node_modules\\next\\dist\\server\\lib\\router-utils\\setup-dev-bundler.js',
    'C:\\Users\\HP\\it-support\\frontend\\node_modules\\next\\dist\\server\\lib\\router-server.js',
    'C:\\Users\\HP\\it-support\\frontend\\node_modules\\next\\dist\\server\\lib\\start-server.js'
  ],
  page: '/favicon.ico'
}
 ⨯ Error: Cannot find module './8948.js'
Require stack:
- C:\Users\HP\it-support\frontend\.next\server\webpack-runtime.js
- C:\Users\HP\it-support\frontend\.next\server\app\favicon.ico\route.js
- C:\Users\HP\it-support\frontend\node_modules\next\dist\server\require.js
- C:\Users\HP\it-support\frontend\node_modules\next\dist\server\load-components.js
- C:\Users\HP\it-support\frontend\node_modules\next\dist\build\utils.js
- C:\Users\HP\it-support\frontend\node_modules\next\dist\server\dev\hot-middleware.js
- C:\Users\HP\it-support\frontend\node_modules\next\dist\server\dev\hot-reloader-webpack.js
- C:\Users\HP\it-support\frontend\node_modules\next\dist\server\lib\router-utils\setup-dev-bundler.js
- C:\Users\HP\it-support\frontend\node_modules\next\dist\server\lib\router-server.js
- C:\Users\HP\it-support\frontend\node_modules\next\dist\server\lib\start-server.js
    at Module.<anonymous> (node:internal/modules/cjs/loader:1517:15)
    at C:\Users\HP\it-support\frontend\node_modules\next\dist\server\require-hook.js:55:36
    at wrapResolveFilename (node:internal/modules/cjs/loader:1071:27)
    at defaultResolveImplForCJSLoading (node:internal/modules/cjs/loader:1095:10)
    at resolveForCJSWithHooks (node:internal/modules/cjs/loader:1122:12)
    at Module._load (node:internal/modules/cjs/loader:1294:5)
    at wrapModuleLoad (node:internal/modules/cjs/loader:255:19)
    at Module.<anonymous> (node:internal/modules/cjs/loader:1617:12)
    at mod.require (C:\Users\HP\it-support\frontend\node_modules\next\dist\server\require-hook.js:65:28)
    at require (node:internal/modules/helpers:153:16)
    at __webpack_require__.f.require (C:\Users\HP\it-support\frontend\.next\server\webpack-runtime.js:203:28)
    at C:\Users\HP\it-support\frontend\.next\server\webpack-runtime.js:116:40
    at Array.reduce (<anonymous>)
    at __webpack_require__.e (C:\Users\HP\it-support\frontend\.next\server\webpack-runtime.js:115:67)
    at Array.map (<anonymous>)
    at __webpack_require__.X (C:\Users\HP\it-support\frontend\.next\server\webpack-runtime.js:167:22)
    at C:\Users\HP\it-support\frontend\.next\server\app\login\page.js:1:10795
    at Object.<anonymous> (C:\Users\HP\it-support\frontend\.next\server\app\login\page.js:1:10862)
    at Module._compile (node:internal/modules/cjs/loader:1871:14)
    at Object..js (node:internal/modules/cjs/loader:2002:10)
    at Module.load (node:internal/modules/cjs/loader:1594:32)
    at Module._load (node:internal/modules/cjs/loader:1396:12)
    at wrapModuleLoad (node:internal/modules/cjs/loader:255:19)
    at Module.<anonymous> (node:internal/modules/cjs/loader:1617:12)
    at mod.require (C:\Users\HP\it-support\frontend\node_modules\next\dist\server\require-hook.js:65:28)
    at require (node:internal/modules/helpers:153:16)
    at requirePage (C:\Users\HP\it-support\frontend\node_modules\next\dist\server\require.js:109:84)
    at C:\Users\HP\it-support\frontend\node_modules\next\dist\server\load-components.js:103:84
    at async loadComponentsImpl (C:\Users\HP\it-support\frontend\node_modules\next\dist\server\load-components.js:103:26)
    at async DevServer.findPageComponentsImpl (C:\Users\HP\it-support\frontend\node_modules\next\dist\server\next-server.js:714:36)
    at async DevServer.findPageComponents (C:\Users\HP\it-support\frontend\node_modules\next\dist\server\dev\next-dev-server.js:577:20)
    at async DevServer.renderPageComponent (C:\Users\HP\it-support\frontend\node_modules\next\dist\server\base-server.js:1910:24)
    at async DevServer.renderToResponseImpl (C:\Users\HP\it-support\frontend\node_modules\next\dist\server\base-server.js:1962:32)
    at async DevServer.pipeImpl (C:\Users\HP\it-support\frontend\node_modules\next\dist\server\base-server.js:922:25)
    at async NextNodeServer.handleCatchallRenderRequest (C:\Users\HP\it-support\frontend\node_modules\next\dist\server\next-server.js:272:17)
    at async DevServer.handleRequestImpl (C:\Users\HP\it-support\frontend\node_modules\next\dist\server\base-server.js:818:17)
    at async C:\Users\HP\it-support\frontend\node_modules\next\dist\server\dev\next-dev-server.js:339:20
    at async Span.traceAsyncFn (C:\Users\HP\it-support\frontend\node_modules\next\dist\trace\trace.js:154:20)
    at async DevServer.handleRequest (C:\Users\HP\it-support\frontend\node_modules\next\dist\server\dev\next-dev-server.js:336:24)
    at async invokeRender (C:\Users\HP\it-support\frontend\node_modules\next\dist\server\lib\router-server.js:179:21)
    at async handleRequest (C:\Users\HP\it-support\frontend\node_modules\next\dist\server\lib\router-server.js:359:24)
    at async requestHandlerImpl (C:\Users\HP\it-support\frontend\node_modules\next\dist\server\lib\router-server.js:383:13)
    at async Server.requestListener (C:\Users\HP\it-support\frontend\node_modules\next\dist\server\lib\start-server.js:141:13) {
  code: 'MODULE_NOT_FOUND',
  requireStack: [
    'C:\\Users\\HP\\it-support\\frontend\\.next\\server\\webpack-runtime.js',
    'C:\\Users\\HP\\it-support\\frontend\\.next\\server\\app\\favicon.ico\\route.js',
    'C:\\Users\\HP\\it-support\\frontend\\node_modules\\next\\dist\\server\\require.js',
    'C:\\Users\\HP\\it-support\\frontend\\node_modules\\next\\dist\\server\\load-components.js',
    'C:\\Users\\HP\\it-support\\frontend\\node_modules\\next\\dist\\build\\utils.js',
    'C:\\Users\\HP\\it-support\\frontend\\node_modules\\next\\dist\\server\\dev\\hot-middleware.js',
    'C:\\Users\\HP\\it-support\\frontend\\node_modules\\next\\dist\\server\\dev\\hot-reloader-webpack.js',
    'C:\\Users\\HP\\it-support\\frontend\\node_modules\\next\\dist\\server\\lib\\router-utils\\setup-dev-bundler.js',
    'C:\\Users\\HP\\it-support\\frontend\\node_modules\\next\\dist\\server\\lib\\router-server.js',
    'C:\\Users\\HP\\it-support\\frontend\\node_modules\\next\\dist\\server\\lib\\start-server.js'
  ],
  page: '/login'
}
 ⨯ Error: Cannot find module './8948.js'
Require stack:
- C:\Users\HP\it-support\frontend\.next\server\webpack-runtime.js
- C:\Users\HP\it-support\frontend\.next\server\pages\_document.js
- C:\Users\HP\it-support\frontend\node_modules\next\dist\server\require.js
- C:\Users\HP\it-support\frontend\node_modules\next\dist\server\load-components.js
- C:\Users\HP\it-support\frontend\node_modules\next\dist\build\utils.js
- C:\Users\HP\it-support\frontend\node_modules\next\dist\server\dev\hot-middleware.js
- C:\Users\HP\it-support\frontend\node_modules\next\dist\server\dev\hot-reloader-webpack.js
- C:\Users\HP\it-support\frontend\node_modules\next\dist\server\lib\router-utils\setup-dev-bundler.js
- C:\Users\HP\it-support\frontend\node_modules\next\dist\server\lib\router-server.js
- C:\Users\HP\it-support\frontend\node_modules\next\dist\server\lib\start-server.js
    at Module.<anonymous> (node:internal/modules/cjs/loader:1517:15)
    at C:\Users\HP\it-support\frontend\node_modules\next\dist\server\require-hook.js:55:36
    at wrapResolveFilename (node:internal/modules/cjs/loader:1071:27)
    at defaultResolveImplForCJSLoading (node:internal/modules/cjs/loader:1095:10)
    at resolveForCJSWithHooks (node:internal/modules/cjs/loader:1122:12)
    at Module._load (node:internal/modules/cjs/loader:1294:5)
    at wrapModuleLoad (node:internal/modules/cjs/loader:255:19)
    at Module.<anonymous> (node:internal/modules/cjs/loader:1617:12)
    at mod.require (C:\Users\HP\it-support\frontend\node_modules\next\dist\server\require-hook.js:65:28)
    at require (node:internal/modules/helpers:153:16)
    at __webpack_require__.f.require (C:\Users\HP\it-support\frontend\.next\server\webpack-runtime.js:203:28)
    at C:\Users\HP\it-support\frontend\.next\server\webpack-runtime.js:116:40
    at Array.reduce (<anonymous>)
    at __webpack_require__.e (C:\Users\HP\it-support\frontend\.next\server\webpack-runtime.js:115:67)
    at Array.map (<anonymous>)
    at __webpack_require__.X (C:\Users\HP\it-support\frontend\.next\server\webpack-runtime.js:167:22)
    at C:\Users\HP\it-support\frontend\.next\server\app\favicon.ico\route.js:12:16110
    at Object.<anonymous> (C:\Users\HP\it-support\frontend\.next\server\app\favicon.ico\route.js:12:16153)
    at Module._compile (node:internal/modules/cjs/loader:1871:14)
    at Object..js (node:internal/modules/cjs/loader:2002:10)
    at Module.load (node:internal/modules/cjs/loader:1594:32)
    at Module._load (node:internal/modules/cjs/loader:1396:12)
    at wrapModuleLoad (node:internal/modules/cjs/loader:255:19)
    at Module.<anonymous> (node:internal/modules/cjs/loader:1617:12)
    at mod.require (C:\Users\HP\it-support\frontend\node_modules\next\dist\server\require-hook.js:65:28)
    at require (node:internal/modules/helpers:153:16)
    at requirePage (C:\Users\HP\it-support\frontend\node_modules\next\dist\server\require.js:109:84)
    at C:\Users\HP\it-support\frontend\node_modules\next\dist\server\load-components.js:103:84
    at async loadComponentsImpl (C:\Users\HP\it-support\frontend\node_modules\next\dist\server\load-components.js:103:26)
    at async DevServer.findPageComponentsImpl (C:\Users\HP\it-support\frontend\node_modules\next\dist\server\next-server.js:714:36)
    at async DevServer.findPageComponents (C:\Users\HP\it-support\frontend\node_modules\next\dist\server\dev\next-dev-server.js:577:20)
    at async DevServer.renderPageComponent (C:\Users\HP\it-support\frontend\node_modules\next\dist\server\base-server.js:1910:24)
    at async DevServer.renderToResponseImpl (C:\Users\HP\it-support\frontend\node_modules\next\dist\server\base-server.js:1962:32)
    at async DevServer.pipeImpl (C:\Users\HP\it-support\frontend\node_modules\next\dist\server\base-server.js:922:25)
    at async NextNodeServer.handleCatchallRenderRequest (C:\Users\HP\it-support\frontend\node_modules\next\dist\server\next-server.js:272:17)
    at async DevServer.handleRequestImpl (C:\Users\HP\it-support\frontend\node_modules\next\dist\server\base-server.js:818:17)
    at async C:\Users\HP\it-support\frontend\node_modules\next\dist\server\dev\next-dev-server.js:339:20
    at async Span.traceAsyncFn (C:\Users\HP\it-support\frontend\node_modules\next\dist\trace\trace.js:154:20)
    at async DevServer.handleRequest (C:\Users\HP\it-support\frontend\node_modules\next\dist\server\dev\next-dev-server.js:336:24)
    at async invokeRender (C:\Users\HP\it-support\frontend\node_modules\next\dist\server\lib\router-server.js:179:21)
    at async handleRequest (C:\Users\HP\it-support\frontend\node_modules\next\dist\server\lib\router-server.js:359:24)
    at async requestHandlerImpl (C:\Users\HP\it-support\frontend\node_modules\next\dist\server\lib\router-server.js:383:13)
    at async Server.requestListener (C:\Users\HP\it-support\frontend\node_modules\next\dist\server\lib\start-server.js:141:13) {
  code: 'MODULE_NOT_FOUND',
  requireStack: [
    'C:\\Users\\HP\\it-support\\frontend\\.next\\server\\webpack-runtime.js',
    'C:\\Users\\HP\\it-support\\frontend\\.next\\server\\pages\\_document.js',
    'C:\\Users\\HP\\it-support\\frontend\\node_modules\\next\\dist\\server\\require.js',
    'C:\\Users\\HP\\it-support\\frontend\\node_modules\\next\\dist\\server\\load-components.js',
    'C:\\Users\\HP\\it-support\\frontend\\node_modules\\next\\dist\\build\\utils.js',
    'C:\\Users\\HP\\it-support\\frontend\\node_modules\\next\\dist\\server\\dev\\hot-middleware.js',
    'C:\\Users\\HP\\it-support\\frontend\\node_modules\\next\\dist\\server\\dev\\hot-reloader-webpack.js',
    'C:\\Users\\HP\\it-support\\frontend\\node_modules\\next\\dist\\server\\lib\\router-utils\\setup-dev-bundler.js',
    'C:\\Users\\HP\\it-support\\frontend\\node_modules\\next\\dist\\server\\lib\\router-server.js',
    'C:\\Users\\HP\\it-support\\frontend\\node_modules\\next\\dist\\server\\lib\\start-server.js'
  ],
  page: '/favicon.ico'
}
<w> [webpack.cache.PackFileCacheStrategy] Caching failed for pack: Error: ENOENT: no such file or directory, lstat 'C:\Users\HP\it-support\frontend\.next\server\vendor-chunks\react-hook-form.js'
<w> [webpack.cache.PackFileCacheStrategy/webpack.FileSystemInfo] Resolving './vendor-chunks/react-hook-form' in C:\Users\HP\it-support\frontend\.next\server for build dependencies doesn't lead to expected result 'C:\Users\HP\it-support\frontend\.next\server\vendor-chunks\react-hook-form.js', but to 'Error: Can't resolve './vendor-chunks/react-hook-form' in 'C:\Users\HP\it-support\frontend\.next\server'' instead. Resolving dependencies are ignored for this path.
<w>  at resolve commonjs file ./vendor-chunks/react-hook-form (expected C:\Users\HP\it-support\frontend\.next\server\vendor-chunks\react-hook-form.js)
<w>  at file dependencies C:\Users\HP\it-support\frontend\.next\server\webpack-runtime.js
<w>  at file C:\Users\HP\it-support\frontend\.next\server\webpack-runtime.js
<w>  at file dependencies C:\Users\HP\it-support\frontend\.next\server\pages\_error.js
<w>  at file C:\Users\HP\it-support\frontend\.next\server\pages\_error.js
<w>  at file dependencies C:\Users\HP\it-support\frontend\node_modules\next\dist\server\require.js
<w>  at file C:\Users\HP\it-support\frontend\node_modules\next\dist\server\require.js
<w>  at file dependencies C:\Users\HP\it-support\frontend\node_modules\next\dist\server\load-components.js
<w>  at file C:\Users\HP\it-support\frontend\node_modules\next\dist\server\load-components.js
<w>  at file dependencies C:\Users\HP\it-support\frontend\node_modules\next\dist\build\utils.js
<w>  at file C:\Users\HP\it-support\frontend\node_modules\next\dist\build\utils.js
<w>  at file dependencies C:\Users\HP\it-support\frontend\node_modules\next\dist\build\webpack\loaders\next-route-loader\index.js
<w>  at file C:\Users\HP\it-support\frontend\node_modules\next\dist\build\webpack\loaders\next-route-loader\index.js
<w>  at resolve commonjs C:\Users\HP\it-support\frontend\node_modules\next\dist\build\webpack\loaders\next-route-loader\index.js
<w> [webpack.cache.PackFileCacheStrategy/webpack.FileSystemInfo] Resolving './vendor-chunks/@hookform' in C:\Users\HP\it-support\frontend\.next\server for build dependencies doesn't lead to expected result 'C:\Users\HP\it-support\frontend\.next\server\vendor-chunks\@hookform.js', but to 'Error: Can't resolve './vendor-chunks/@hookform' in 'C:\Users\HP\it-support\frontend\.next\server'' instead. Resolving dependencies are ignored for this path.
<w>  at resolve commonjs file ./vendor-chunks/@hookform (expected C:\Users\HP\it-support\frontend\.next\server\vendor-chunks\@hookform.js)
<w>  at file dependencies C:\Users\HP\it-support\frontend\.next\server\webpack-runtime.js
<w>  at file C:\Users\HP\it-support\frontend\.next\server\webpack-runtime.js
<w>  at file dependencies C:\Users\HP\it-support\frontend\.next\server\pages\_error.js
<w>  at file C:\Users\HP\it-support\frontend\.next\server\pages\_error.js
<w>  at file dependencies C:\Users\HP\it-support\frontend\node_modules\next\dist\server\require.js
<w>  at file C:\Users\HP\it-support\frontend\node_modules\next\dist\server\require.js
<w>  at file dependencies C:\Users\HP\it-support\frontend\node_modules\next\dist\server\load-components.js
<w>  at file C:\Users\HP\it-support\frontend\node_modules\next\dist\server\load-components.js
<w>  at file dependencies C:\Users\HP\it-support\frontend\node_modules\next\dist\build\utils.js
<w>  at file C:\Users\HP\it-support\frontend\node_modules\next\dist\build\utils.js
<w>  at file dependencies C:\Users\HP\it-support\frontend\node_modules\next\dist\build\webpack\loaders\next-route-loader\index.js
<w>  at file C:\Users\HP\it-support\frontend\node_modules\next\dist\build\webpack\loaders\next-route-loader\index.js
<w>  at resolve commonjs C:\Users\HP\it-support\frontend\node_modules\next\dist\build\webpack\loaders\next-route-loader\index.js
 ⨯ Error: Cannot find module './8948.js'
Require stack:
- C:\Users\HP\it-support\frontend\.next\server\webpack-runtime.js
- C:\Users\HP\it-support\frontend\.next\server\pages\_document.js
- C:\Users\HP\it-support\frontend\node_modules\next\dist\server\require.js
- C:\Users\HP\it-support\frontend\node_modules\next\dist\server\load-components.js
- C:\Users\HP\it-support\frontend\node_modules\next\dist\build\utils.js
- C:\Users\HP\it-support\frontend\node_modules\next\dist\server\dev\hot-middleware.js
- C:\Users\HP\it-support\frontend\node_modules\next\dist\server\dev\hot-reloader-webpack.js
- C:\Users\HP\it-support\frontend\node_modules\next\dist\server\lib\router-utils\setup-dev-bundler.js
- C:\Users\HP\it-support\frontend\node_modules\next\dist\server\lib\router-server.js
- C:\Users\HP\it-support\frontend\node_modules\next\dist\server\lib\start-server.js
    at Module.<anonymous> (node:internal/modules/cjs/loader:1517:15)
    at C:\Users\HP\it-support\frontend\node_modules\next\dist\server\require-hook.js:55:36
    at wrapResolveFilename (node:internal/modules/cjs/loader:1071:27)
    at defaultResolveImplForCJSLoading (node:internal/modules/cjs/loader:1095:10)
    at resolveForCJSWithHooks (node:internal/modules/cjs/loader:1122:12)
    at Module._load (node:internal/modules/cjs/loader:1294:5)
    at wrapModuleLoad (node:internal/modules/cjs/loader:255:19)
    at Module.<anonymous> (node:internal/modules/cjs/loader:1617:12)
    at mod.require (C:\Users\HP\it-support\frontend\node_modules\next\dist\server\require-hook.js:65:28)
    at require (node:internal/modules/helpers:153:16)
    at __webpack_require__.f.require (C:\Users\HP\it-support\frontend\.next\server\webpack-runtime.js:203:28)
    at C:\Users\HP\it-support\frontend\.next\server\webpack-runtime.js:116:40
    at Array.reduce (<anonymous>)
    at __webpack_require__.e (C:\Users\HP\it-support\frontend\.next\server\webpack-runtime.js:115:67)
    at Array.map (<anonymous>)
    at __webpack_require__.X (C:\Users\HP\it-support\frontend\.next\server\webpack-runtime.js:167:22)
    at C:\Users\HP\it-support\frontend\.next\server\app\favicon.ico\route.js:12:16110
    at Object.<anonymous> (C:\Users\HP\it-support\frontend\.next\server\app\favicon.ico\route.js:12:16153)
    at Module._compile (node:internal/modules/cjs/loader:1871:14)
    at Object..js (node:internal/modules/cjs/loader:2002:10)
    at Module.load (node:internal/modules/cjs/loader:1594:32)
    at Module._load (node:internal/modules/cjs/loader:1396:12)
    at wrapModuleLoad (node:internal/modules/cjs/loader:255:19)
    at Module.<anonymous> (node:internal/modules/cjs/loader:1617:12)
    at mod.require (C:\Users\HP\it-support\frontend\node_modules\next\dist\server\require-hook.js:65:28)
    at require (node:internal/modules/helpers:153:16)
    at requirePage (C:\Users\HP\it-support\frontend\node_modules\next\dist\server\require.js:109:84)
    at C:\Users\HP\it-support\frontend\node_modules\next\dist\server\load-components.js:103:84
    at async loadComponentsImpl (C:\Users\HP\it-support\frontend\node_modules\next\dist\server\load-components.js:103:26)
    at async DevServer.findPageComponentsImpl (C:\Users\HP\it-support\frontend\node_modules\next\dist\server\next-server.js:714:36)
    at async DevServer.findPageComponents (C:\Users\HP\it-support\frontend\node_modules\next\dist\server\dev\next-dev-server.js:577:20)
    at async DevServer.renderPageComponent (C:\Users\HP\it-support\frontend\node_modules\next\dist\server\base-server.js:1910:24)
    at async DevServer.renderToResponseImpl (C:\Users\HP\it-support\frontend\node_modules\next\dist\server\base-server.js:1962:32)
    at async DevServer.pipeImpl (C:\Users\HP\it-support\frontend\node_modules\next\dist\server\base-server.js:922:25)
    at async NextNodeServer.handleCatchallRenderRequest (C:\Users\HP\it-support\frontend\node_modules\next\dist\server\next-server.js:272:17)
    at async DevServer.handleRequestImpl (C:\Users\HP\it-support\frontend\node_modules\next\dist\server\base-server.js:818:17)
    at async C:\Users\HP\it-support\frontend\node_modules\next\dist\server\dev\next-dev-server.js:339:20
    at async Span.traceAsyncFn (C:\Users\HP\it-support\frontend\node_modules\next\dist\trace\trace.js:154:20)
    at async DevServer.handleRequest (C:\Users\HP\it-support\frontend\node_modules\next\dist\server\dev\next-dev-server.js:336:24)
    at async invokeRender (C:\Users\HP\it-support\frontend\node_modules\next\dist\server\lib\router-server.js:179:21)
    at async handleRequest (C:\Users\HP\it-support\frontend\node_modules\next\dist\server\lib\router-server.js:359:24)
    at async requestHandlerImpl (C:\Users\HP\it-support\frontend\node_modules\next\dist\server\lib\router-server.js:383:13)
    at async Server.requestListener (C:\Users\HP\it-support\frontend\node_modules\next\dist\server\lib\start-server.js:141:13) {
  code: 'MODULE_NOT_FOUND',
  requireStack: [
    'C:\\Users\\HP\\it-support\\frontend\\.next\\server\\webpack-runtime.js',
    'C:\\Users\\HP\\it-support\\frontend\\.next\\server\\pages\\_document.js',
    'C:\\Users\\HP\\it-support\\frontend\\node_modules\\next\\dist\\server\\require.js',
    'C:\\Users\\HP\\it-support\\frontend\\node_modules\\next\\dist\\server\\load-components.js',
    'C:\\Users\\HP\\it-support\\frontend\\node_modules\\next\\dist\\build\\utils.js',
    'C:\\Users\\HP\\it-support\\frontend\\node_modules\\next\\dist\\server\\dev\\hot-middleware.js',
    'C:\\Users\\HP\\it-support\\frontend\\node_modules\\next\\dist\\server\\dev\\hot-reloader-webpack.js',
    'C:\\Users\\HP\\it-support\\frontend\\node_modules\\next\\dist\\server\\lib\\router-utils\\setup-dev-bundler.js',
    'C:\\Users\\HP\\it-support\\frontend\\node_modules\\next\\dist\\server\\lib\\router-server.js',
    'C:\\Users\\HP\\it-support\\frontend\\node_modules\\next\\dist\\server\\lib\\start-server.js'
  ],
  page: '/favicon.ico'
}
